// Jest Snapshot v1, https://goo.gl/fbAQLP

exports[`renders without crashing 1`] = `
"<div className=\\"container\\">
  <header className=\\"header\\">
    <img src=\\"logo.svg\\" className=\\"logo\\" alt=\\"logo\\" />
    <p>
      Edit 
      <code>
        src/App.js
      </code>
       and save to reload.
    </p>
    <a className=\\"link\\" href=\\"https://reactjs.org\\" target=\\"_blank\\" rel=\\"noopener noreferrer\\">
      Learn React
    </a>
  </header>
</div>"
`;
